+ ../../../tf init
- Installing hashicorp/XXX vX.X.X...
- Installed hashicorp/XXX vX.X.X (signed by HashiCorp)
- Installing hashicorp/XXX vX.X.X...
- Installed hashicorp/XXX vX.X.X (signed by HashiCorp)
[0m[1m[32mTerraform has been successfully initialized![0m[32m[0m
[0m+ ../../../tf upgrade
[0m[1m[32mTerraform has been successfully initialized![0m[32m[0m
[0m+ ../../../tf plan -parallelism=30 -compact
[34m^X[0m [36m=X/X[0m [90m&X/X[0m [32m+X/X[0m [33m~X/X[0m [31m-X/X[0m [0m[1mtime_sleep.this["Xs"]: Preparing import... [0m
[34m^X[0m [36m=X/X[0m [90m&X/X[0m [32m+X/X[0m [33m~X/X[0m [31m-X/X[0m [0m[1mtime_sleep.this["Xs"]: Refreshing state..[0m
  [32m+[0m create[0m
[31m-[0m/[32m+[0m destroy and then create replacement[0m
[1m  # local_file.this["10s"][0m will be created
[0m  [32m+[0m[0m resource "local_file" "this" {
[1m  # local_file.this["1s"][0m will be created
[0m  [32m+[0m[0m resource "local_file" "this" {
[1m  # local_file.this["2s"][0m will be created
[0m  [32m+[0m[0m resource "local_file" "this" {
[1m  # local_file.this["3s"][0m will be created
[0m  [32m+[0m[0m resource "local_file" "this" {
[1m  # local_file.this["4s"][0m will be created
[0m  [32m+[0m[0m resource "local_file" "this" {
[1m  # local_file.this["5s"][0m will be created
[0m  [32m+[0m[0m resource "local_file" "this" {
[1m  # local_file.this["6s"][0m will be created
[0m  [32m+[0m[0m resource "local_file" "this" {
[1m  # local_file.this["7s"][0m will be created
[0m  [32m+[0m[0m resource "local_file" "this" {
[1m  # local_file.this["8s"][0m will be created
[0m  [32m+[0m[0m resource "local_file" "this" {
[1m  # local_file.this["9s"][0m will be created
[0m  [32m+[0m[0m resource "local_file" "this" {
[1m  # time_sleep.this["10s"][0m will be created
[0m  [32m+[0m[0m resource "time_sleep" "this" {
[1m  # time_sleep.this["1s"][0m must be [1m[31mreplaced[0m
  # [0m(imported from "1s,1s")
  # [0m[33mWarning: this will destroy the imported resource[0m
[0m[31m-[0m/[32m+[0m[0m resource "time_sleep" "this" {
[1m  # time_sleep.this["2s"][0m will be created
[0m  [32m+[0m[0m resource "time_sleep" "this" {
[1m  # time_sleep.this["3s"][0m will be created
[0m  [32m+[0m[0m resource "time_sleep" "this" {
[1m  # time_sleep.this["4s"][0m will be created
[0m  [32m+[0m[0m resource "time_sleep" "this" {
[1m  # time_sleep.this["5s"][0m will be created
[0m  [32m+[0m[0m resource "time_sleep" "this" {
[1m  # time_sleep.this["6s"][0m will be created
[0m  [32m+[0m[0m resource "time_sleep" "this" {
[1m  # time_sleep.this["7s"][0m will be created
[0m  [32m+[0m[0m resource "time_sleep" "this" {
[1m  # time_sleep.this["8s"][0m will be created
[0m  [32m+[0m[0m resource "time_sleep" "this" {
[1m  # time_sleep.this["9s"][0m will be created
[0m  [32m+[0m[0m resource "time_sleep" "this" {
[1mPlan:[0m 1 to import, 20 to add, 0 to change, 1 to destroy.
[0m
Changes to Outputs:
  [32m+[0m[0m filenames = [
[90m
[0m+ ../../../tf apply -auto-approve -parallelism=30 -compact
[34m^X[0m [36m=X/X[0m [90m&X/X[0m [32m+X/X[0m [33m~X/X[0m [31m-X/X[0m [0m[1mtime_sleep.this["Xs"]: Preparing import... [0m
[34m^X[0m [36m=X/X[0m [90m&X/X[0m [32m+X/X[0m [33m~X/X[0m [31m-X/X[0m [0m[1mtime_sleep.this["Xs"]: Refreshing state..[0m
  [32m+[0m create[0m
[31m-[0m/[32m+[0m destroy and then create replacement[0m
[1m  # local_file.this["10s"][0m will be created
[0m  [32m+[0m[0m resource "local_file" "this" {
[1m  # local_file.this["1s"][0m will be created
[0m  [32m+[0m[0m resource "local_file" "this" {
[1m  # local_file.this["2s"][0m will be created
[0m  [32m+[0m[0m resource "local_file" "this" {
[1m  # local_file.this["3s"][0m will be created
[0m  [32m+[0m[0m resource "local_file" "this" {
[1m  # local_file.this["4s"][0m will be created
[0m  [32m+[0m[0m resource "local_file" "this" {
[1m  # local_file.this["5s"][0m will be created
[0m  [32m+[0m[0m resource "local_file" "this" {
[1m  # local_file.this["6s"][0m will be created
[0m  [32m+[0m[0m resource "local_file" "this" {
[1m  # local_file.this["7s"][0m will be created
[0m  [32m+[0m[0m resource "local_file" "this" {
[1m  # local_file.this["8s"][0m will be created
[0m  [32m+[0m[0m resource "local_file" "this" {
[1m  # local_file.this["9s"][0m will be created
[0m  [32m+[0m[0m resource "local_file" "this" {
[1m  # time_sleep.this["10s"][0m will be created
[0m  [32m+[0m[0m resource "time_sleep" "this" {
[1m  # time_sleep.this["1s"][0m must be [1m[31mreplaced[0m
  # [0m(imported from "1s,1s")
  # [0m[33mWarning: this will destroy the imported resource[0m
[0m[31m-[0m/[32m+[0m[0m resource "time_sleep" "this" {
[1m  # time_sleep.this["2s"][0m will be created
[0m  [32m+[0m[0m resource "time_sleep" "this" {
[1m  # time_sleep.this["3s"][0m will be created
[0m  [32m+[0m[0m resource "time_sleep" "this" {
[1m  # time_sleep.this["4s"][0m will be created
[0m  [32m+[0m[0m resource "time_sleep" "this" {
[1m  # time_sleep.this["5s"][0m will be created
[0m  [32m+[0m[0m resource "time_sleep" "this" {
[1m  # time_sleep.this["6s"][0m will be created
[0m  [32m+[0m[0m resource "time_sleep" "this" {
[1m  # time_sleep.this["7s"][0m will be created
[0m  [32m+[0m[0m resource "time_sleep" "this" {
[1m  # time_sleep.this["8s"][0m will be created
[0m  [32m+[0m[0m resource "time_sleep" "this" {
[1m  # time_sleep.this["9s"][0m will be created
[0m  [32m+[0m[0m resource "time_sleep" "this" {
[1mPlan:[0m 1 to import, 20 to add, 0 to change, 1 to destroy.
[0m
Changes to Outputs:
  [32m+[0m[0m filenames = [
[34m^X[0m [36m=X/X[0m [90m&X/X[0m [32m+X/X[0m [33m~X/X[0m [31m-X/X[0m [0m[1mtime_sleep.this["Xs"]: Importing... [id=X]
[34m^X[0m [36m=X/X[0m [90m&X/X[0m [32m+X/X[0m [33m~X/X[0m [31m-X/X[0m [0m[1mtime_sleep.this["Xs"]: Import complete [id=X]
[34m^X[0m [36m=X/X[0m [90m&X/X[0m [32m+X/X[0m [33m~X/X[0m [31m-X/X[0m [0m[1mtime_sleep.this["Xs"]: Destruction co[0m
[34m^X[0m [36m=X/X[0m [90m&X/X[0m [32m+X/X[0m [33m~X/X[0m [31m-X/X[0m [0m[1mtime_sleep.this["Xs"]: Creation complet a[0m
[34m^X[0m [36m=X/X[0m [90m&X/X[0m [32m+X/X[0m [33m~X/X[0m [31m-X/X[0m [0m[1mtime_sleep.this["Xs"]: Creation complet a[0m
[34m^X[0m [36m=X/X[0m [90m&X/X[0m [32m+X/X[0m [33m~X/X[0m [31m-X/X[0m [0m[1mtime_sleep.this["Xs"]: Creation complet a[0m
[34m^X[0m [36m=X/X[0m [90m&X/X[0m [32m+X/X[0m [33m~X/X[0m [31m-X/X[0m [0m[1mtime_sleep.this["Xs"]: Creation complet a[0m
[34m^X[0m [36m=X/X[0m [90m&X/X[0m [32m+X/X[0m [33m~X/X[0m [31m-X/X[0m [0m[1mtime_sleep.this["Xs"]: Creation complet a[0m
[34m^X[0m [36m=X/X[0m [90m&X/X[0m [32m+X/X[0m [33m~X/X[0m [31m-X/X[0m [0m[1mtime_sleep.this["Xs"]: Creation complet a[0m
[34m^X[0m [36m=X/X[0m [90m&X/X[0m [32m+X/X[0m [33m~X/X[0m [31m-X/X[0m [0m[1mtime_sleep.this["Xs"]: Creation complet a[0m
[34m^X[0m [36m=X/X[0m [90m&X/X[0m [32m+X/X[0m [33m~X/X[0m [31m-X/X[0m [0m[1mtime_sleep.this["Xs"]: Creation complet a[0m
[34m^X[0m [36m=X/X[0m [90m&X/X[0m [32m+X/X[0m [33m~X/X[0m [31m-X/X[0m [0m[1mtime_sleep.this["Xs"]: Creation complet a[0m
[34m^X[0m [36m=X/X[0m [90m&X/X[0m [32m+X/X[0m [33m~X/X[0m [31m-X/X[0m [0m[1mtime_sleep.this["Xs"]: Creation complete[0m
[34m^X[0m [36m=X/X[0m [90m&X/X[0m [32m+X/X[0m [33m~X/X[0m [31m-X/X[0m [0m[1mlocal_file.this["Xs"]: Creation complete[0m
[34m^X[0m [36m=X/X[0m [90m&X/X[0m [32m+X/X[0m [33m~X/X[0m [31m-X/X[0m [0m[1mlocal_file.this["Xs"]: Creation complete[0m
[34m^X[0m [36m=X/X[0m [90m&X/X[0m [32m+X/X[0m [33m~X/X[0m [31m-X/X[0m [0m[1mlocal_file.this["Xs"]: Creation complete[0m
[34m^X[0m [36m=X/X[0m [90m&X/X[0m [32m+X/X[0m [33m~X/X[0m [31m-X/X[0m [0m[1mlocal_file.this["Xs"]: Creation complete[0m
[34m^X[0m [36m=X/X[0m [90m&X/X[0m [32m+X/X[0m [33m~X/X[0m [31m-X/X[0m [0m[1mlocal_file.this["Xs"]: Creation complete[0m
[34m^X[0m [36m=X/X[0m [90m&X/X[0m [32m+X/X[0m [33m~X/X[0m [31m-X/X[0m [0m[1mlocal_file.this["Xs"]: Creation complete[0m
[34m^X[0m [36m=X/X[0m [90m&X/X[0m [32m+X/X[0m [33m~X/X[0m [31m-X/X[0m [0m[1mlocal_file.this["Xs"]: Creation complete[0m
[34m^X[0m [36m=X/X[0m [90m&X/X[0m [32m+X/X[0m [33m~X/X[0m [31m-X/X[0m [0m[1mlocal_file.this["Xs"]: Creation complete[0m
[34m^X[0m [36m=X/X[0m [90m&X/X[0m [32m+X/X[0m [33m~X/X[0m [31m-X/X[0m [0m[1mlocal_file.this["Xs"]: Creation complete[0m
[34m^X[0m [36m=X/X[0m [90m&X/X[0m [32m+X/X[0m [33m~X/X[0m [31m-X/X[0m [0m[1mlocal_file.this["Xs"]: Creation complete[0m
[34m^X[0m [36m=X/X[0m [90m&X/X[0m [32m+X/X[0m [33m~X/X[0m [31m-X/X[0m [0m[1mdata.local_file.this["Xs"]: Read compl[0m
[34m^X[0m [36m=X/X[0m [90m&X/X[0m [32m+X/X[0m [33m~X/X[0m [31m-X/X[0m [0m[1mdata.local_file.this["Xs"]: Read compl[0m
[34m^X[0m [36m=X/X[0m [90m&X/X[0m [32m+X/X[0m [33m~X/X[0m [31m-X/X[0m [0m[1mdata.local_file.this["Xs"]: Read compl[0m
[34m^X[0m [36m=X/X[0m [90m&X/X[0m [32m+X/X[0m [33m~X/X[0m [31m-X/X[0m [0m[1mdata.local_file.this["Xs"]: Read compl[0m
[34m^X[0m [36m=X/X[0m [90m&X/X[0m [32m+X/X[0m [33m~X/X[0m [31m-X/X[0m [0m[1mdata.local_file.this["Xs"]: Read compl[0m
[34m^X[0m [36m=X/X[0m [90m&X/X[0m [32m+X/X[0m [33m~X/X[0m [31m-X/X[0m [0m[1mdata.local_file.this["Xs"]: Read compl[0m
[34m^X[0m [36m=X/X[0m [90m&X/X[0m [32m+X/X[0m [33m~X/X[0m [31m-X/X[0m [0m[1mdata.local_file.this["Xs"]: Read compl[0m
[34m^X[0m [36m=X/X[0m [90m&X/X[0m [32m+X/X[0m [33m~X/X[0m [31m-X/X[0m [0m[1mdata.local_file.this["Xs"]: Read compl[0m
[34m^X[0m [36m=X/X[0m [90m&X/X[0m [32m+X/X[0m [33m~X/X[0m [31m-X/X[0m [0m[1mdata.local_file.this["Xs"]: Read compl[0m
[34m^X[0m [36m=X/X[0m [90m&X/X[0m [32m+X/X[0m [33m~X/X[0m [31m-X/X[0m [0m[1mdata.local_file.this["Xs"]: Read compl[0m
[0m[1m[32m
Apply complete! Resources: 1 imported, 20 added, 0 changed, 1 destroyed.
[0m[0m[1m[32m
[0m+ ../../../tf refresh -parallelism=30 -compact
[34m^X[0m [36m=X/X[0m [90m&X/X[0m [32m+X/X[0m [33m~X/X[0m [31m-X/X[0m [0m[1mtime_sleep.this["Xs"]: Refreshing state..[0m
[34m^X[0m [36m=X/X[0m [90m&X/X[0m [32m+X/X[0m [33m~X/X[0m [31m-X/X[0m [0m[1mtime_sleep.this["Xs"]: Refreshing state..[0m
[34m^X[0m [36m=X/X[0m [90m&X/X[0m [32m+X/X[0m [33m~X/X[0m [31m-X/X[0m [0m[1mtime_sleep.this["Xs"]: Refreshing state..[0m
[34m^X[0m [36m=X/X[0m [90m&X/X[0m [32m+X/X[0m [33m~X/X[0m [31m-X/X[0m [0m[1mtime_sleep.this["Xs"]: Refreshing state..[0m
[34m^X[0m [36m=X/X[0m [90m&X/X[0m [32m+X/X[0m [33m~X/X[0m [31m-X/X[0m [0m[1mtime_sleep.this["Xs"]: Refreshing state..[0m
[34m^X[0m [36m=X/X[0m [90m&X/X[0m [32m+X/X[0m [33m~X/X[0m [31m-X/X[0m [0m[1mtime_sleep.this["Xs"]: Refreshing state..[0m
[34m^X[0m [36m=X/X[0m [90m&X/X[0m [32m+X/X[0m [33m~X/X[0m [31m-X/X[0m [0m[1mtime_sleep.this["Xs"]: Refreshing state..[0m
[34m^X[0m [36m=X/X[0m [90m&X/X[0m [32m+X/X[0m [33m~X/X[0m [31m-X/X[0m [0m[1mtime_sleep.this["Xs"]: Refreshing state..[0m
[34m^X[0m [36m=X/X[0m [90m&X/X[0m [32m+X/X[0m [33m~X/X[0m [31m-X/X[0m [0m[1mtime_sleep.this["Xs"]: Refreshing state..[0m
[34m^X[0m [36m=X/X[0m [90m&X/X[0m [32m+X/X[0m [33m~X/X[0m [31m-X/X[0m [0m[1mtime_sleep.this["Xs"]: Refreshing state..[0m
[34m^X[0m [36m=X/X[0m [90m&X/X[0m [32m+X/X[0m [33m~X/X[0m [31m-X/X[0m [0m[1mlocal_file.this["Xs"]: Refreshing state..[0m
[34m^X[0m [36m=X/X[0m [90m&X/X[0m [32m+X/X[0m [33m~X/X[0m [31m-X/X[0m [0m[1mlocal_file.this["Xs"]: Refreshing state..[0m
[34m^X[0m [36m=X/X[0m [90m&X/X[0m [32m+X/X[0m [33m~X/X[0m [31m-X/X[0m [0m[1mlocal_file.this["Xs"]: Refreshing state..[0m
[34m^X[0m [36m=X/X[0m [90m&X/X[0m [32m+X/X[0m [33m~X/X[0m [31m-X/X[0m [0m[1mlocal_file.this["Xs"]: Refreshing state..[0m
[34m^X[0m [36m=X/X[0m [90m&X/X[0m [32m+X/X[0m [33m~X/X[0m [31m-X/X[0m [0m[1mlocal_file.this["Xs"]: Refreshing state..[0m
[34m^X[0m [36m=X/X[0m [90m&X/X[0m [32m+X/X[0m [33m~X/X[0m [31m-X/X[0m [0m[1mlocal_file.this["Xs"]: Refreshing state..[0m
[34m^X[0m [36m=X/X[0m [90m&X/X[0m [32m+X/X[0m [33m~X/X[0m [31m-X/X[0m [0m[1mlocal_file.this["Xs"]: Refreshing state..[0m
[34m^X[0m [36m=X/X[0m [90m&X/X[0m [32m+X/X[0m [33m~X/X[0m [31m-X/X[0m [0m[1mlocal_file.this["Xs"]: Refreshing state..[0m
[34m^X[0m [36m=X/X[0m [90m&X/X[0m [32m+X/X[0m [33m~X/X[0m [31m-X/X[0m [0m[1mlocal_file.this["Xs"]: Refreshing state..[0m
[34m^X[0m [36m=X/X[0m [90m&X/X[0m [32m+X/X[0m [33m~X/X[0m [31m-X/X[0m [0m[1mlocal_file.this["Xs"]: Refreshing state..[0m
[34m^X[0m [36m=X/X[0m [90m&X/X[0m [32m+X/X[0m [33m~X/X[0m [31m-X/X[0m [0m[1mdata.local_file.this["Xs"]: Read compl[0m
[34m^X[0m [36m=X/X[0m [90m&X/X[0m [32m+X/X[0m [33m~X/X[0m [31m-X/X[0m [0m[1mdata.local_file.this["Xs"]: Read compl[0m
[34m^X[0m [36m=X/X[0m [90m&X/X[0m [32m+X/X[0m [33m~X/X[0m [31m-X/X[0m [0m[1mdata.local_file.this["Xs"]: Read compl[0m
[34m^X[0m [36m=X/X[0m [90m&X/X[0m [32m+X/X[0m [33m~X/X[0m [31m-X/X[0m [0m[1mdata.local_file.this["Xs"]: Read compl[0m
[34m^X[0m [36m=X/X[0m [90m&X/X[0m [32m+X/X[0m [33m~X/X[0m [31m-X/X[0m [0m[1mdata.local_file.this["Xs"]: Read compl[0m
[34m^X[0m [36m=X/X[0m [90m&X/X[0m [32m+X/X[0m [33m~X/X[0m [31m-X/X[0m [0m[1mdata.local_file.this["Xs"]: Read compl[0m
[34m^X[0m [36m=X/X[0m [90m&X/X[0m [32m+X/X[0m [33m~X/X[0m [31m-X/X[0m [0m[1mdata.local_file.this["Xs"]: Read compl[0m
[34m^X[0m [36m=X/X[0m [90m&X/X[0m [32m+X/X[0m [33m~X/X[0m [31m-X/X[0m [0m[1mdata.local_file.this["Xs"]: Read compl[0m
[34m^X[0m [36m=X/X[0m [90m&X/X[0m [32m+X/X[0m [33m~X/X[0m [31m-X/X[0m [0m[1mdata.local_file.this["Xs"]: Read compl[0m
[34m^X[0m [36m=X/X[0m [90m&X/X[0m [32m+X/X[0m [33m~X/X[0m [31m-X/X[0m [0m[1mdata.local_file.this["Xs"]: Read compl[0m
[0m[1m[32m
[0m+ ../../../tf destroy -auto-approve -parallelism=30 -compact
[34m^X[0m [36m=X/X[0m [90m&X/X[0m [32m+X/X[0m [33m~X/X[0m [31m-X/X[0m [0m[1mtime_sleep.this["Xs"]: Refreshing state..[0m
[34m^X[0m [36m=X/X[0m [90m&X/X[0m [32m+X/X[0m [33m~X/X[0m [31m-X/X[0m [0m[1mtime_sleep.this["Xs"]: Refreshing state..[0m
[34m^X[0m [36m=X/X[0m [90m&X/X[0m [32m+X/X[0m [33m~X/X[0m [31m-X/X[0m [0m[1mtime_sleep.this["Xs"]: Refreshing state..[0m
[34m^X[0m [36m=X/X[0m [90m&X/X[0m [32m+X/X[0m [33m~X/X[0m [31m-X/X[0m [0m[1mtime_sleep.this["Xs"]: Refreshing state..[0m
[34m^X[0m [36m=X/X[0m [90m&X/X[0m [32m+X/X[0m [33m~X/X[0m [31m-X/X[0m [0m[1mtime_sleep.this["Xs"]: Refreshing state..[0m
[34m^X[0m [36m=X/X[0m [90m&X/X[0m [32m+X/X[0m [33m~X/X[0m [31m-X/X[0m [0m[1mtime_sleep.this["Xs"]: Refreshing state..[0m
[34m^X[0m [36m=X/X[0m [90m&X/X[0m [32m+X/X[0m [33m~X/X[0m [31m-X/X[0m [0m[1mtime_sleep.this["Xs"]: Refreshing state..[0m
[34m^X[0m [36m=X/X[0m [90m&X/X[0m [32m+X/X[0m [33m~X/X[0m [31m-X/X[0m [0m[1mtime_sleep.this["Xs"]: Refreshing state..[0m
[34m^X[0m [36m=X/X[0m [90m&X/X[0m [32m+X/X[0m [33m~X/X[0m [31m-X/X[0m [0m[1mtime_sleep.this["Xs"]: Refreshing state..[0m
[34m^X[0m [36m=X/X[0m [90m&X/X[0m [32m+X/X[0m [33m~X/X[0m [31m-X/X[0m [0m[1mtime_sleep.this["Xs"]: Refreshing state..[0m
[34m^X[0m [36m=X/X[0m [90m&X/X[0m [32m+X/X[0m [33m~X/X[0m [31m-X/X[0m [0m[1mlocal_file.this["Xs"]: Refreshing state..[0m
[34m^X[0m [36m=X/X[0m [90m&X/X[0m [32m+X/X[0m [33m~X/X[0m [31m-X/X[0m [0m[1mlocal_file.this["Xs"]: Refreshing state..[0m
[34m^X[0m [36m=X/X[0m [90m&X/X[0m [32m+X/X[0m [33m~X/X[0m [31m-X/X[0m [0m[1mlocal_file.this["Xs"]: Refreshing state..[0m
[34m^X[0m [36m=X/X[0m [90m&X/X[0m [32m+X/X[0m [33m~X/X[0m [31m-X/X[0m [0m[1mlocal_file.this["Xs"]: Refreshing state..[0m
[34m^X[0m [36m=X/X[0m [90m&X/X[0m [32m+X/X[0m [33m~X/X[0m [31m-X/X[0m [0m[1mlocal_file.this["Xs"]: Refreshing state..[0m
[34m^X[0m [36m=X/X[0m [90m&X/X[0m [32m+X/X[0m [33m~X/X[0m [31m-X/X[0m [0m[1mlocal_file.this["Xs"]: Refreshing state..[0m
[34m^X[0m [36m=X/X[0m [90m&X/X[0m [32m+X/X[0m [33m~X/X[0m [31m-X/X[0m [0m[1mlocal_file.this["Xs"]: Refreshing state..[0m
[34m^X[0m [36m=X/X[0m [90m&X/X[0m [32m+X/X[0m [33m~X/X[0m [31m-X/X[0m [0m[1mlocal_file.this["Xs"]: Refreshing state..[0m
[34m^X[0m [36m=X/X[0m [90m&X/X[0m [32m+X/X[0m [33m~X/X[0m [31m-X/X[0m [0m[1mlocal_file.this["Xs"]: Refreshing state..[0m
[34m^X[0m [36m=X/X[0m [90m&X/X[0m [32m+X/X[0m [33m~X/X[0m [31m-X/X[0m [0m[1mlocal_file.this["Xs"]: Refreshing state..[0m
[34m^X[0m [36m=X/X[0m [90m&X/X[0m [32m+X/X[0m [33m~X/X[0m [31m-X/X[0m [0m[1mdata.local_file.this["Xs"]: Read compl[0m
[34m^X[0m [36m=X/X[0m [90m&X/X[0m [32m+X/X[0m [33m~X/X[0m [31m-X/X[0m [0m[1mdata.local_file.this["Xs"]: Read compl[0m
[34m^X[0m [36m=X/X[0m [90m&X/X[0m [32m+X/X[0m [33m~X/X[0m [31m-X/X[0m [0m[1mdata.local_file.this["Xs"]: Read compl[0m
[34m^X[0m [36m=X/X[0m [90m&X/X[0m [32m+X/X[0m [33m~X/X[0m [31m-X/X[0m [0m[1mdata.local_file.this["Xs"]: Read compl[0m
[34m^X[0m [36m=X/X[0m [90m&X/X[0m [32m+X/X[0m [33m~X/X[0m [31m-X/X[0m [0m[1mdata.local_file.this["Xs"]: Read compl[0m
[34m^X[0m [36m=X/X[0m [90m&X/X[0m [32m+X/X[0m [33m~X/X[0m [31m-X/X[0m [0m[1mdata.local_file.this["Xs"]: Read compl[0m
[34m^X[0m [36m=X/X[0m [90m&X/X[0m [32m+X/X[0m [33m~X/X[0m [31m-X/X[0m [0m[1mdata.local_file.this["Xs"]: Read compl[0m
[34m^X[0m [36m=X/X[0m [90m&X/X[0m [32m+X/X[0m [33m~X/X[0m [31m-X/X[0m [0m[1mdata.local_file.this["Xs"]: Read compl[0m
[34m^X[0m [36m=X/X[0m [90m&X/X[0m [32m+X/X[0m [33m~X/X[0m [31m-X/X[0m [0m[1mdata.local_file.this["Xs"]: Read compl[0m
[34m^X[0m [36m=X/X[0m [90m&X/X[0m [32m+X/X[0m [33m~X/X[0m [31m-X/X[0m [0m[1mdata.local_file.this["Xs"]: Read compl[0m
  [31m-[0m destroy[0m
[1m  # local_file.this["10s"][0m will be [1m[31mdestroyed[0m
[0m  [31m-[0m[0m resource "local_file" "this" {
[1m  # local_file.this["1s"][0m will be [1m[31mdestroyed[0m
[0m  [31m-[0m[0m resource "local_file" "this" {
[1m  # local_file.this["2s"][0m will be [1m[31mdestroyed[0m
[0m  [31m-[0m[0m resource "local_file" "this" {
[1m  # local_file.this["3s"][0m will be [1m[31mdestroyed[0m
[0m  [31m-[0m[0m resource "local_file" "this" {
[1m  # local_file.this["4s"][0m will be [1m[31mdestroyed[0m
[0m  [31m-[0m[0m resource "local_file" "this" {
[1m  # local_file.this["5s"][0m will be [1m[31mdestroyed[0m
[0m  [31m-[0m[0m resource "local_file" "this" {
[1m  # local_file.this["6s"][0m will be [1m[31mdestroyed[0m
[0m  [31m-[0m[0m resource "local_file" "this" {
[1m  # local_file.this["7s"][0m will be [1m[31mdestroyed[0m
[0m  [31m-[0m[0m resource "local_file" "this" {
[1m  # local_file.this["8s"][0m will be [1m[31mdestroyed[0m
[0m  [31m-[0m[0m resource "local_file" "this" {
[1m  # local_file.this["9s"][0m will be [1m[31mdestroyed[0m
[0m  [31m-[0m[0m resource "local_file" "this" {
[1m  # time_sleep.this["10s"][0m will be [1m[31mdestroyed[0m
[0m  [31m-[0m[0m resource "time_sleep" "this" {
[1m  # time_sleep.this["1s"][0m will be [1m[31mdestroyed[0m
[0m  [31m-[0m[0m resource "time_sleep" "this" {
[1m  # time_sleep.this["2s"][0m will be [1m[31mdestroyed[0m
[0m  [31m-[0m[0m resource "time_sleep" "this" {
[1m  # time_sleep.this["3s"][0m will be [1m[31mdestroyed[0m
[0m  [31m-[0m[0m resource "time_sleep" "this" {
[1m  # time_sleep.this["4s"][0m will be [1m[31mdestroyed[0m
[0m  [31m-[0m[0m resource "time_sleep" "this" {
[1m  # time_sleep.this["5s"][0m will be [1m[31mdestroyed[0m
[0m  [31m-[0m[0m resource "time_sleep" "this" {
[1m  # time_sleep.this["6s"][0m will be [1m[31mdestroyed[0m
[0m  [31m-[0m[0m resource "time_sleep" "this" {
[1m  # time_sleep.this["7s"][0m will be [1m[31mdestroyed[0m
[0m  [31m-[0m[0m resource "time_sleep" "this" {
[1m  # time_sleep.this["8s"][0m will be [1m[31mdestroyed[0m
[0m  [31m-[0m[0m resource "time_sleep" "this" {
[1m  # time_sleep.this["9s"][0m will be [1m[31mdestroyed[0m
[0m  [31m-[0m[0m resource "time_sleep" "this" {
[1mPlan:[0m 0 to add, 0 to change, 20 to destroy.
[0m
Changes to Outputs:
  [31m-[0m[0m filenames = [
[34m^X[0m [36m=X/X[0m [90m&X/X[0m [32m+X/X[0m [33m~X/X[0m [31m-X/X[0m [0m[1mlocal_file.this["Xs"]: Destruction co[0m
[34m^X[0m [36m=X/X[0m [90m&X/X[0m [32m+X/X[0m [33m~X/X[0m [31m-X/X[0m [0m[1mlocal_file.this["Xs"]: Destruction co[0m
[34m^X[0m [36m=X/X[0m [90m&X/X[0m [32m+X/X[0m [33m~X/X[0m [31m-X/X[0m [0m[1mlocal_file.this["Xs"]: Destruction co[0m
[34m^X[0m [36m=X/X[0m [90m&X/X[0m [32m+X/X[0m [33m~X/X[0m [31m-X/X[0m [0m[1mlocal_file.this["Xs"]: Destruction co[0m
[34m^X[0m [36m=X/X[0m [90m&X/X[0m [32m+X/X[0m [33m~X/X[0m [31m-X/X[0m [0m[1mlocal_file.this["Xs"]: Destruction co[0m
[34m^X[0m [36m=X/X[0m [90m&X/X[0m [32m+X/X[0m [33m~X/X[0m [31m-X/X[0m [0m[1mlocal_file.this["Xs"]: Destruction co[0m
[34m^X[0m [36m=X/X[0m [90m&X/X[0m [32m+X/X[0m [33m~X/X[0m [31m-X/X[0m [0m[1mlocal_file.this["Xs"]: Destruction co[0m
[34m^X[0m [36m=X/X[0m [90m&X/X[0m [32m+X/X[0m [33m~X/X[0m [31m-X/X[0m [0m[1mlocal_file.this["Xs"]: Destruction co[0m
[34m^X[0m [36m=X/X[0m [90m&X/X[0m [32m+X/X[0m [33m~X/X[0m [31m-X/X[0m [0m[1mlocal_file.this["Xs"]: Destruction co[0m
[34m^X[0m [36m=X/X[0m [90m&X/X[0m [32m+X/X[0m [33m~X/X[0m [31m-X/X[0m [0m[1mlocal_file.this["Xs"]: Destruction co[0m
[34m^X[0m [36m=X/X[0m [90m&X/X[0m [32m+X/X[0m [33m~X/X[0m [31m-X/X[0m [0m[1mtime_sleep.this["Xs"]: Destruction co[0m
[34m^X[0m [36m=X/X[0m [90m&X/X[0m [32m+X/X[0m [33m~X/X[0m [31m-X/X[0m [0m[1mtime_sleep.this["Xs"]: Destruction co[0m
[34m^X[0m [36m=X/X[0m [90m&X/X[0m [32m+X/X[0m [33m~X/X[0m [31m-X/X[0m [0m[1mtime_sleep.this["Xs"]: Destruction co[0m
[34m^X[0m [36m=X/X[0m [90m&X/X[0m [32m+X/X[0m [33m~X/X[0m [31m-X/X[0m [0m[1mtime_sleep.this["Xs"]: Destruction co[0m
[34m^X[0m [36m=X/X[0m [90m&X/X[0m [32m+X/X[0m [33m~X/X[0m [31m-X/X[0m [0m[1mtime_sleep.this["Xs"]: Destruction co[0m
[34m^X[0m [36m=X/X[0m [90m&X/X[0m [32m+X/X[0m [33m~X/X[0m [31m-X/X[0m [0m[1mtime_sleep.this["Xs"]: Destruction co[0m
[34m^X[0m [36m=X/X[0m [90m&X/X[0m [32m+X/X[0m [33m~X/X[0m [31m-X/X[0m [0m[1mtime_sleep.this["Xs"]: Destruction co[0m
[34m^X[0m [36m=X/X[0m [90m&X/X[0m [32m+X/X[0m [33m~X/X[0m [31m-X/X[0m [0m[1mtime_sleep.this["Xs"]: Destruction co[0m
[34m^X[0m [36m=X/X[0m [90m&X/X[0m [32m+X/X[0m [33m~X/X[0m [31m-X/X[0m [0m[1mtime_sleep.this["Xs"]: Destruction co[0m
[34m^X[0m [36m=X/X[0m [90m&X/X[0m [32m+X/X[0m [33m~X/X[0m [31m-X/X[0m [0m[1mtime_sleep.this["Xs"]: Still destroyi[0m
[34m^X[0m [36m=X/X[0m [90m&X/X[0m [32m+X/X[0m [33m~X/X[0m [31m-X/X[0m [0m[1mtime_sleep.this["Xs"]: Destruction co[0m
[0m[1m[32m
Destroy complete! Resources: 20 destroyed.
[0m[0m