+ ../../../tf init
- Installing hashicorp/XXX vX.X.X...
- Installed hashicorp/XXX vX.X.X (signed, key ID [0m[1m0C0AF313E5FD9F80[0m)
- Installing hashicorp/XXX vX.X.X...
- Installed hashicorp/XXX vX.X.X (signed, key ID [0m[1m0C0AF313E5FD9F80[0m)
https://opentofu.org/docs/cli/plugins/signing/
[0m[1m[32mOpenTofu has been successfully initialized![0m[32m[0m
[0m+ ../../../tf destroy -auto-approve
[0m[1m[32mNo changes.[0m[1m No objects need to be destroyed.[0m
[0mEither you have not created any objects yet or the existing objects were
already deleted outside of OpenTofu.
[0m[1m[32m
Destroy complete! Resources: 0 destroyed.
[0m+ ../../../tf list
+ ../../../tf import 'time_sleep.this[1s]' 1s,1s
[90m&X/X [0m[1mtime_sleep.this["Xs"]: Importing from ID "1s,1s"...[0m
[0m[1m[32mtime_sleep.this["Xs"]: Import prepared![0m
[34m^X [0m[90m&X/X [0m[1mtime_sleep.this["Xs"]: Refreshing state...[0m
[0m[32m
Import successful!
[0m# time_sleep.this["Xs"]:
resource "time_sleep" "this" {
    create_duration  = "1s"
    destroy_duration = "1s"
    id               = "XXXX-XX-XXTXX:XX:XXZ"
    triggers         = {}
}
+ ../../../tf import 'time_sleep.this["2s"]' 2s,2s
[90m&X/X [0m[1mtime_sleep.this["Xs"]: Importing from ID "2s,2s"...[0m
[0m[1m[32mtime_sleep.this["Xs"]: Import prepared![0m
[34m^X [0m[90m&X/X [0m[1mtime_sleep.this["Xs"]: Refreshing state...[0m
[0m[32m
Import successful!
[0m# time_sleep.this["Xs"]:
resource "time_sleep" "this" {
    create_duration  = "2s"
    destroy_duration = "2s"
    id               = "XXXX-XX-XXTXX:XX:XXZ"
    triggers         = {}
}
+ ../../../tf list
time_sleep.this["1s"]
time_sleep.this["2s"]
+ ../../../tf import 'time_sleep.this[3s]' foo bar baz
[90m&X/X [0m[1mtime_sleep.this["Xs"]: Importing from ID "foo bar baz"...[0m
[31m[31mâ•·[0m
[31mâ”‚[0m [0m[1m[31mError: [0m[1mUnexpected Format of ID[0m
[31mâ”‚[0m [0m
[31mâ”‚[0m [0mUnexpected format of ID ("foo bar baz"), expected
[31mâ”‚[0m [0mCREATEDURATION,DESTROYDURATION where at least one value is non-empty
[31mâ•µ[0m
[0m
[0m+ true
+ ../../../tf list
time_sleep.this["1s"]
time_sleep.this["2s"]
