+ ../../../tf init
- Installing hashicorp/XXX vX.X.X...
- Installed hashicorp/XXX vX.X.X (signed by HashiCorp)
- Installing hashicorp/XXX vX.X.X...
- Installed hashicorp/XXX vX.X.X (signed by HashiCorp)
[0m[1m[32mTerraform has been successfully initialized![0m[32m[0m
[0m+ ../../../tf destroy -auto-approve
[0m[1m[32mNo changes.[0m[1m No objects need to be destroyed.[0m
[0mEither you have not created any objects yet or the existing objects were
already deleted outside of Terraform.
[0m[1m[32m
Destroy complete! Resources: 0 destroyed.
[0m+ ../../../tf import 'time_sleep.this[1s]' 1s,1s
[90m&X/X [0m[1mtime_sleep.this["Xs"]: Importing from ID "1s,1s"...[0m
[0m[1m[32mtime_sleep.this["Xs"]: Import prepared![0m
[34m^X [0m[90m&X/X [0m[1mtime_sleep.this["Xs"]: Refreshing state...[0m
[0m[32m
Import successful!
[0m# time_sleep.this["Xs"]:
resource "time_sleep" "this" {
    create_duration  = "1s"
    destroy_duration = "1s"
    id               = "XXXX-XX-XXTXX:XX:XXZ"
    triggers         = {}
}
+ ../../../tf import 'time_sleep.this["2s"]' 2s,2s
[90m&X/X [0m[1mtime_sleep.this["Xs"]: Importing from ID "2s,2s"...[0m
[0m[1m[32mtime_sleep.this["Xs"]: Import prepared![0m
[34m^X [0m[90m&X/X [0m[1mtime_sleep.this["Xs"]: Refreshing state...[0m
[0m[32m
Import successful!
[0m# time_sleep.this["Xs"]:
resource "time_sleep" "this" {
    create_duration  = "2s"
    destroy_duration = "2s"
    id               = "XXXX-XX-XXTXX:XX:XXZ"
    triggers         = {}
}
+ ../../../tf import 'time_sleep.this[3s]' 3s,3s
[90m&X/X [0m[1mtime_sleep.this["Xs"]: Importing from ID "3s,3s"...[0m
[0m[1m[32mtime_sleep.this["Xs"]: Import prepared![0m
[34m^X [0m[90m&X/X [0m[1mtime_sleep.this["Xs"]: Refreshing state...[0m
[0m[32m
Import successful!
[0m# time_sleep.this["Xs"]:
resource "time_sleep" "this" {
    create_duration  = "3s"
    destroy_duration = "3s"
    id               = "XXXX-XX-XXTXX:XX:XXZ"
    triggers         = {}
}
+ ../../../tf import 'time_sleep.this[4s]' 4s,4s
[90m&X/X [0m[1mtime_sleep.this["Xs"]: Importing from ID "4s,4s"...[0m
[0m[1m[32mtime_sleep.this["Xs"]: Import prepared![0m
[34m^X [0m[90m&X/X [0m[1mtime_sleep.this["Xs"]: Refreshing state...[0m
[0m[32m
Import successful!
[0m# time_sleep.this["Xs"]:
resource "time_sleep" "this" {
    create_duration  = "4s"
    destroy_duration = "4s"
    id               = "XXXX-XX-XXTXX:XX:XXZ"
    triggers         = {}
}
+ ../../../tf taint 'time_sleep.this[1s]'
Resource instance time_sleep.this["1s"] has been marked as tainted.
+ ../../../tf taint 'time_sleep.this["2s"]' 'time_sleep.this[3s]'
Resource instance time_sleep.this["2s"] has been marked as tainted.
Resource instance time_sleep.this["3s"] has been marked as tainted.
+ ../../../tf taint 'time_sleep.this[4s]' 'time_sleep.this[foo]'
Resource instance time_sleep.this["4s"] has been marked as tainted.
[31m[31mâ•·[0m
[31mâ”‚[0m [0m[1m[31mError: [0m[1mNo such resource instance[0m
[31mâ”‚[0m [0m
[31mâ”‚[0m [0mThere is no resource instance in the state with the address
[31mâ”‚[0m [0mtime_sleep.this["foo"]. If the resource configuration has just been added,
[31mâ”‚[0m [0myou must run "terraform apply" once to create the corresponding instance(s)
[31mâ”‚[0m [0mbefore they can be tainted.
[31mâ•µ[0m
[0m
+ true
+ ../../../tf untaint 'time_sleep.this[1s]'
Resource instance time_sleep.this["1s"] has been successfully untainted.
+ ../../../tf untaint 'time_sleep.this["2s"]' 'time_sleep.this[3s]'
Resource instance time_sleep.this["2s"] has been successfully untainted.
Resource instance time_sleep.this["3s"] has been successfully untainted.
+ ../../../tf untaint 'time_sleep.this[4s]' 'time_sleep.this[foo]'
Resource instance time_sleep.this["4s"] has been successfully untainted.
[31m[31mâ•·[0m
[31mâ”‚[0m [0m[1m[31mError: [0m[1mNo such resource instance[0m
[31mâ”‚[0m [0m
[31mâ”‚[0m [0mThere is no resource instance in the state with the address
[31mâ”‚[0m [0mtime_sleep.this["foo"]. If the resource configuration has just been added,
[31mâ”‚[0m [0myou must run "terraform apply" once to create the corresponding instance(s)
[31mâ”‚[0m [0mbefore they can be tainted.
[31mâ•µ[0m
[0m
+ true
