+ ../../../tf init
- Installing hashicorp/XXX vX.X.X...
- Installed hashicorp/XXX vX.X.X (signed by HashiCorp)
- Installing hashicorp/XXX vX.X.X...
- Installed hashicorp/XXX vX.X.X (signed by HashiCorp)
[0m[1m[32mTerraform has been successfully initialized![0m[32m[0m
[0m+ ../../../tf destroy -auto-approve
[0m[1m[32mNo changes.[0m[1m No objects need to be destroyed.[0m
[0mEither you have not created any objects yet or the existing objects were
already deleted outside of Terraform.
[0m[1m[32m
Destroy complete! Resources: 0 destroyed.
[0m+ ../../../tf import 'time_sleep.this[1s]' 1s,1s
[90m&X/X [0m[1mtime_sleep.this["Xs"]: Importing from ID "1s,1s"...[0m
[0m[1m[32mtime_sleep.this["Xs"]: Import prepared![0m
[34m^X [0m[90m&X/X [0m[1mtime_sleep.this["Xs"]: Refreshing state...[0m
[0m[32m
Import successful!
[0m# time_sleep.this["Xs"]:
resource "time_sleep" "this" {
    create_duration  = "1s"
    destroy_duration = "1s"
    id               = "XXXX-XX-XXTXX:XX:XXZ"
    triggers         = {}
}
+ ../../../tf list
time_sleep.this["1s"]
+ ../../../tf mv 'time_sleep.this[1s]' 'time_sleep.this[2s]'
Move "time_sleep.this[\"1s\"]" to "time_sleep.this[\"2s\"]"
Successfully moved 1 object(s).
+ ../../../tf list
time_sleep.this["2s"]
