+ ../../../tf init
- Installing hashicorp/XXX vX.X.X...
- Installed hashicorp/XXX vX.X.X (signed, key ID [0m[1m0C0AF313E5FD9F80[0m[0m)
- Installing hashicorp/XXX vX.X.X...
- Installed hashicorp/XXX vX.X.X (signed, key ID [0m[1m0C0AF313E5FD9F80[0m[0m)
https://opentofu.org/docs/cli/plugins/signing/
[0m[1m[32mOpenTofu has been successfully initialized![0m[32m[0m
[0m+ ../../../tf destroy -auto-approve[0m
[0m[1m[32mNo changes.[0m[1m No objects need to be destroyed.[0m
[0mEither you have not created any objects yet or the existing objects were[0m
already deleted outside of OpenTofu.
[0m[1m[32m[0m
Destroy complete! Resources: 0 destroyed.
[0m[0m+ ../../../tf import 'time_sleep.this[1s]' 1s,1s[0m
[90m&X/X [0m[0m[0m[1mtime_sleep.this["Xs"]: Importing from ID "1s,1s"...[0m
[0m[1m[32mtime_sleep.this["Xs"]: Import prepared![0m
[34m^X [0m[0m[90m&X/X [0m[0m[0m[1mtime_sleep.this["Xs"]: Refreshing state...[0m
[0m[32m[0m
Import successful!
[0m[0m# time_sleep.this["Xs"]:[0m
resource "time_sleep" "this" {
    create_duration  = "1s"
    destroy_duration = "1s"
    id               = "XXXX-XX-XXTXX:XX:XXZ"
    triggers         = {}
}
+ ../../../tf import 'time_sleep.this["2s"]' 2s,2s
[90m&X/X [0m[0m[0m[1mtime_sleep.this["Xs"]: Importing from ID "2s,2s"...[0m
[0m[1m[32mtime_sleep.this["Xs"]: Import prepared![0m
[34m^X [0m[0m[90m&X/X [0m[0m[0m[1mtime_sleep.this["Xs"]: Refreshing state...[0m
[0m[32m[0m
Import successful!
[0m[0m# time_sleep.this["Xs"]:[0m
resource "time_sleep" "this" {
    create_duration  = "2s"
    destroy_duration = "2s"
    id               = "XXXX-XX-XXTXX:XX:XXZ"
    triggers         = {}
}
+ ../../../tf import 'time_sleep.this[3s]' 3s,3s
[90m&X/X [0m[0m[0m[1mtime_sleep.this["Xs"]: Importing from ID "3s,3s"...[0m
[0m[1m[32mtime_sleep.this["Xs"]: Import prepared![0m
[34m^X [0m[0m[90m&X/X [0m[0m[0m[1mtime_sleep.this["Xs"]: Refreshing state...[0m
[0m[32m[0m
Import successful!
[0m[0m# time_sleep.this["Xs"]:[0m
resource "time_sleep" "this" {
    create_duration  = "3s"
    destroy_duration = "3s"
    id               = "XXXX-XX-XXTXX:XX:XXZ"
    triggers         = {}
}
+ ../../../tf import 'time_sleep.this[4s]' 4s,4s
[90m&X/X [0m[0m[0m[1mtime_sleep.this["Xs"]: Importing from ID "4s,4s"...[0m
[0m[1m[32mtime_sleep.this["Xs"]: Import prepared![0m
[34m^X [0m[0m[90m&X/X [0m[0m[0m[1mtime_sleep.this["Xs"]: Refreshing state...[0m
[0m[32m[0m
Import successful!
[0m[0m# time_sleep.this["Xs"]:[0m
resource "time_sleep" "this" {
    create_duration  = "4s"
    destroy_duration = "4s"
    id               = "XXXX-XX-XXTXX:XX:XXZ"
    triggers         = {}
}
+ ../../../tf rm 'time_sleep.this[1s]'
Removed time_sleep.this["1s"]
Successfully removed 1 resource instance(s).
+ ../../../tf rm 'time_sleep.this["2s"]' 'time_sleep.this[3s]'
Removed time_sleep.this["2s"]
Removed time_sleep.this["3s"]
Successfully removed 2 resource instance(s).
+ ../../../tf rm 'time_sleep.this[4s]' 'time_sleep.this[foo]'
Removed time_sleep.this["4s"]
Successfully removed 1 resource instance(s).
